
David Ross@DESKTOP-KER2TSL MINGW64 /d/JayJay/learn
$ git clone "https://github.com/JoRoss99/tugasgit.git"
Cloning into 'tugasgit'...
remote: Enumerating objects: 7, done.
remote: Counting objects: 100% (7/7), done.
remote: Compressing objects: 100% (4/4), done.
remote: Total 7 (delta 0), reused 7 (delta 0), pack-reused 0 (from 0)
Receiving objects: 100% (7/7), done.

David Ross@DESKTOP-KER2TSL MINGW64 /d/JayJay/learn
$ git status
fatal: not a git repository (or any of the parent directories): .git

David Ross@DESKTOP-KER2TSL MINGW64 /d/JayJay/learn
$ git log
fatal: not a git repository (or any of the parent directories): .git

David Ross@DESKTOP-KER2TSL MINGW64 /d/JayJay/learn
$ git init
Initialized empty Git repository in D:/JayJay/learn/.git/

David Ross@DESKTOP-KER2TSL MINGW64 /d/JayJay/learn (master)
$ git log
fatal: your current branch 'master' does not have any commits yet

David Ross@DESKTOP-KER2TSL MINGW64 /d/JayJay/learn (master)
$ git branch -m master main

David Ross@DESKTOP-KER2TSL MINGW64 /d/JayJay/learn (main)
$ git log
fatal: your current branch 'main' does not have any commits yet

David Ross@DESKTOP-KER2TSL MINGW64 /d/JayJay/learn (main)
$ git status
On branch main

No commits yet

Untracked files:
  (use "git add <file>..." to include in what will be committed)
        first.txt
        tugasgit/

nothing added to commit but untracked files present (use "git add" to track)

David Ross@DESKTOP-KER2TSL MINGW64 /d/JayJay/learn (main)
$ git add "first.txt"

David Ross@DESKTOP-KER2TSL MINGW64 /d/JayJay/learn (main)
$ git commit -m "add first.txt"
[main (root-commit) 64c7513] add first.txt
 1 file changed, 0 insertions(+), 0 deletions(-)
 create mode 100644 first.txt

David Ross@DESKTOP-KER2TSL MINGW64 /d/JayJay/learn (main)
$ git add "best.txt"

David Ross@DESKTOP-KER2TSL MINGW64 /d/JayJay/learn (main)
$ git commit -m "add best.txt"
[main 6ede6e3] add best.txt
 1 file changed, 0 insertions(+), 0 deletions(-)
 create mode 100644 best.txt

David Ross@DESKTOP-KER2TSL MINGW64 /d/JayJay/learn (main)
$
